2026-07-02 19:20:39,570 [INFO] src.shared.data_fetcher: DataFetcher: binance api + csv fallback
2026-07-02 19:20:39,673 [INFO] src.shared.data_fetcher: OK BTC/USDT (CSV local): 8640 candles
2026-07-02 19:20:39,703 [INFO] src.shared.data_fetcher: DataFetcher: binance api + csv fallback
2026-07-02 19:20:39,736 [INFO] src.shared.data_fetcher: OK BTC/USDT (CSV local): 8640 candles
2026-07-02 19:20:39,738 [INFO] src.shared.base_dataset: Dataset inicializado: BTC/USDT (Major)
2026-07-02 19:20:39,738 [INFO] src.shared.base_dataset: Criando features para BTC/USDT...
2026-07-02 19:20:39,739 [INFO] src.models.mean_reversion_v1.dataset: Features para BTC/USDT (8640 candles)...
2026-07-02 19:20:39,770 [INFO] src.shared.base_dataset: Adicionando target label...
2026-07-02 19:20:39,810 [INFO] src.shared.data_fetcher: OK ETH/USDT (CSV local): 8640 candles
2026-07-02 19:20:39,810 [INFO] src.shared.base_dataset: Dataset inicializado: ETH/USDT (Major)
2026-07-02 19:20:39,810 [INFO] src.shared.base_dataset: Criando features para ETH/USDT...
2026-07-02 19:20:39,811 [INFO] src.models.mean_reversion_v1.dataset: Features para ETH/USDT (8640 candles)...
2026-07-02 19:20:39,840 [INFO] src.shared.base_dataset: Adicionando target label...
2026-07-02 19:20:39,887 [INFO] src.shared.data_fetcher: DataFetcher: binance api + csv fallback
2026-07-02 19:20:39,888 [ERROR] src.shared.data_fetcher: CSV nao encontrado para SOL/USDT
2026-07-02 19:20:50,358 [INFO] src.shared.base_dataset: Dataset inicializado: SOL/USDT (Strong Alt)
2026-07-02 19:20:50,358 [INFO] src.shared.base_dataset: Criando features para SOL/USDT...
2026-07-02 19:20:50,359 [INFO] src.models.mean_reversion_v1.dataset: Features para SOL/USDT (12000 candles)...
2026-07-02 19:20:50,398 [INFO] src.shared.base_dataset: Adicionando target label...
2026-07-02 19:20:50,400 [ERROR] src.shared.data_fetcher: CSV nao encontrado para MATIC/USDT
2026-07-02 19:20:55,377 [INFO] src.shared.base_dataset: Dataset inicializado: MATIC/USDT (Strong Alt)
2026-07-02 19:20:55,378 [INFO] src.shared.base_dataset: Criando features para MATIC/USDT...
2026-07-02 19:20:55,378 [INFO] src.models.mean_reversion_v1.dataset: Features para MATIC/USDT (12000 candles)...
2026-07-02 19:20:55,408 [INFO] src.shared.base_dataset: Adicionando target label...
2026-07-02 19:20:55,410 [ERROR] src.shared.data_fetcher: CSV nao encontrado para AVAX/USDT
2026-07-02 19:21:00,587 [INFO] src.shared.base_dataset: Dataset inicializado: AVAX/USDT (Strong Alt)
2026-07-02 19:21:00,587 [INFO] src.shared.base_dataset: Criando features para AVAX/USDT...
2026-07-02 19:21:00,588 [INFO] src.models.mean_reversion_v1.dataset: Features para AVAX/USDT (12000 candles)...
2026-07-02 19:21:00,625 [INFO] src.shared.base_dataset: Adicionando target label...
2026-07-02 19:21:00,628 [ERROR] src.shared.data_fetcher: CSV nao encontrado para LINK/USDT
2026-07-02 19:21:06,663 [INFO] src.shared.base_dataset: Dataset inicializado: LINK/USDT (Strong Alt)
2026-07-02 19:21:06,665 [INFO] src.shared.base_dataset: Criando features para LINK/USDT...
2026-07-02 19:21:06,666 [INFO] src.models.mean_reversion_v1.dataset: Features para LINK/USDT (12000 candles)...
2026-07-02 19:21:06,698 [INFO] src.shared.base_dataset: Adicionando target label...
2026-07-02 19:21:06,700 [ERROR] src.shared.data_fetcher: CSV nao encontrado para DOGE/USDT
2026-07-02 19:21:13,845 [INFO] src.shared.base_dataset: Dataset inicializado: DOGE/USDT (Strong Alt)
2026-07-02 19:21:13,845 [INFO] src.shared.base_dataset: Criando features para DOGE/USDT...
2026-07-02 19:21:13,848 [INFO] src.models.mean_reversion_v1.dataset: Features para DOGE/USDT (12000 candles)...
2026-07-02 19:21:13,878 [INFO] src.shared.base_dataset: Adicionando target label...
2026-07-02 19:21:13,880 [ERROR] src.shared.data_fetcher: CSV nao encontrado para ADA/USDT
2026-07-02 19:21:20,375 [INFO] src.shared.base_dataset: Dataset inicializado: ADA/USDT (Strong Alt)
2026-07-02 19:21:20,375 [INFO] src.shared.base_dataset: Criando features para ADA/USDT...
2026-07-02 19:21:20,375 [INFO] src.models.mean_reversion_v1.dataset: Features para ADA/USDT (12000 candles)...
2026-07-02 19:21:20,415 [INFO] src.shared.base_dataset: Adicionando target label...
2026-07-02 19:21:20,417 [ERROR] src.shared.data_fetcher: CSV nao encontrado para XRP/USDT
2026-07-02 19:28:05,720 [INFO] src.shared.data_fetcher: DataFetcher: binance api + csv fallback
2026-07-02 19:28:05,786 [INFO] src.shared.data_fetcher: OK BTC/USDT (CSV local): 12000 candles
2026-07-02 19:28:05,832 [INFO] src.shared.data_fetcher: DataFetcher: binance api + csv fallback
2026-07-02 19:28:05,949 [INFO] src.shared.data_fetcher: OK BTC/USDT (CSV local): 12000 candles
2026-07-02 19:28:05,949 [INFO] src.shared.base_dataset: Dataset inicializado: BTC/USDT (Major)
2026-07-02 19:28:05,950 [INFO] src.shared.base_dataset: Criando features para BTC/USDT...
2026-07-02 19:28:05,952 [INFO] src.models.mean_reversion_v1.dataset: Features para BTC/USDT (12000 candles)...
2026-07-02 19:28:06,021 [INFO] src.shared.base_dataset: Adicionando target label...
2026-07-02 19:28:06,040 [INFO] src.models.mean_reversion_v1.dataset:   Target: 6249 sobe (TP) (53.4%) de 11712
2026-07-02 19:28:06,042 [INFO] src.shared.base_dataset: Removendo NaNs...
2026-07-02 19:28:06,046 [INFO] src.shared.base_dataset: Removidas 502 linhas com NaN
2026-07-02 19:28:06,054 [INFO] src.shared.base_dataset: OK Dataset pronto: 8048 train, 3450 val
2026-07-02 19:28:06,055 [INFO] src.shared.base_dataset:   Target stats: train média=51.3544% val média=58.2029%
2026-07-02 19:28:06,157 [INFO] src.shared.data_fetcher: OK ETH/USDT (CSV local): 12000 candles
2026-07-02 19:28:06,157 [INFO] src.shared.base_dataset: Dataset inicializado: ETH/USDT (Major)
2026-07-02 19:28:06,157 [INFO] src.shared.base_dataset: Criando features para ETH/USDT...
2026-07-02 19:28:06,159 [INFO] src.models.mean_reversion_v1.dataset: Features para ETH/USDT (12000 candles)...
2026-07-02 19:28:06,258 [INFO] src.shared.base_dataset: Adicionando target label...
2026-07-02 19:28:06,272 [INFO] src.models.mean_reversion_v1.dataset:   Target: 6690 sobe (TP) (57.1%) de 11712
2026-07-02 19:28:06,272 [INFO] src.shared.base_dataset: Removendo NaNs...
2026-07-02 19:28:06,276 [INFO] src.shared.base_dataset: Removidas 502 linhas com NaN
2026-07-02 19:28:06,282 [INFO] src.shared.base_dataset: OK Dataset pronto: 8048 train, 3450 val
2026-07-02 19:28:06,282 [INFO] src.shared.base_dataset:   Target stats: train média=53.1064% val média=64.1159%
2026-07-02 19:28:06,290 [INFO] src.models.mean_reversion_v1.lstm_train: LSTM Trainer inicializado: mean_reversion_v1_lstm (Major)
2026-07-02 19:28:06,452 [INFO] src.models.mean_reversion_v1.lstm_train:   Sequencias criadas: 15952 train, 6756 val
2026-07-02 19:28:06,454 [INFO] src.models.mean_reversion_v1.lstm_train:   Formato: (batch, 144, 6)
2026-07-02 19:28:06,454 [INFO] src.models.mean_reversion_v1.lstm_train:   Batch size: 24 (dataset: 15952 train)
2026-07-02 19:28:27,255 [INFO] src.models.mean_reversion_v1.lstm_train:   Ep   1: loss_tr=0.6795 loss_val=0.7116 auc_val=0.4326 lr=0.000100
2026-07-02 19:28:40,727 [INFO] src.models.mean_reversion_v1.lstm_train:   Ep   2: loss_tr=0.6618 loss_val=0.7320 auc_val=0.4349 lr=0.000100
2026-07-02 19:28:53,456 [INFO] src.models.mean_reversion_v1.lstm_train:   Ep   3: loss_tr=0.6530 loss_val=0.7430 auc_val=0.4307 lr=0.000100
